{
	"tables": [
		{
			"key": "foo_bar",
			"schema": "",
			"name": "foo_bar",
			"columns": [
				{
					"name": "id",
					"db_type": "int",
					"default": "AUTO_INCREMENT",
					"comment": "",
					"nullable": false,
					"generated": false,
					"autoincr": true,
					"domain_name": "",
					"type": "int32",
					"type_limits": []
				},
				{
					"name": "secret_col",
					"db_type": "varchar(255)",
					"default": "",
					"comment": "",
					"nullable": false,
					"generated": false,
					"autoincr": false,
					"domain_name": "",
					"type": "string",
					"type_limits": [
						"255"
					]
				}
			],
			"indexes": [
				{
					"type": "BTREE",
					"name": "PRIMARY",
					"columns": [
						{
							"name": "id",
							"desc": false,
							"is_expression": false
						}
					],
					"unique": true,
					"comment": "",
					"extra": null
				}
			],
			"constraints": {
				"primary": {
					"name": "PRIMARY",
					"columns": [
						"id"
					],
					"comment": "",
					"extra": null
				},
				"foreign": null,
				"uniques": null,
				"check": null
			},
			"comment": ""
		},
		{
			"key": "foo_baz",
			"schema": "",
			"name": "foo_baz",
			"columns": [
				{
					"name": "id",
					"db_type": "int",
					"default": "AUTO_INCREMENT",
					"comment": "",
					"nullable": false,
					"generated": false,
					"autoincr": true,
					"domain_name": "",
					"type": "int32",
					"type_limits": []
				},
				{
					"name": "secret_col",
					"db_type": "varchar(255)",
					"default": "",
					"comment": "",
					"nullable": false,
					"generated": false,
					"autoincr": false,
					"domain_name": "",
					"type": "string",
					"type_limits": [
						"255"
					]
				}
			],
			"indexes": [
				{
					"type": "BTREE",
					"name": "PRIMARY",
					"columns": [
						{
							"name": "id",
							"desc": false,
							"is_expression": false
						}
					],
					"unique": true,
					"comment": "",
					"extra": null
				}
			],
			"constraints": {
				"primary": {
					"name": "PRIMARY",
					"columns": [
						"id"
					],
					"comment": "",
					"extra": null
				},
				"foreign": null,
				"uniques": null,
				"check": null
			},
			"comment": ""
		}
	],
	"query_folders": [],
	"enums": null,
	"extra_info": null,
	"driver": "github.com/go-sql-driver/mysql"
}